../Core/Src/main.c:75:6:HAL_GPIO_EXTI_Falling_Callback	16	static
../Core/Src/main.c:112:5:main	72	static
../Core/Src/main.c:188:6:SystemClock_Config	88	static
../Core/Src/main.c:232:13:MX_I2C1_Init	8	static
../Core/Src/main.c:280:13:MX_USART2_UART_Init	8	static
../Core/Src/main.c:316:13:MX_GPIO_Init	48	static
../Core/Src/main.c:371:6:Print_UART	16	static
../Core/Src/main.c:386:6:Power_Up	24	static
../Core/Src/main.c:397:6:Get_Rev	112	static
../Core/Src/main.c:439:6:Set_Property	32	static
../Core/Src/main.c:446:6:Get_Property	8	static
../Core/Src/main.c:462:6:Tune_Freq	40	static
../Core/Src/main.c:477:6:Tune_Status	104	static
../Core/Src/main.c:508:6:Seek_Start	32	static
../Core/Src/main.c:533:6:GPIO_Ctl	24	static
../Core/Src/main.c:547:6:GPIO_Set	24	static
../Core/Src/main.c:554:9:Read_Status	24	static
../Core/Src/main.c:561:6:Wait_For_CTS	56	static
../Core/Src/main.c:581:6:Error_Handler	8	static,ignoring_inline_asm
