../Core/Src/main.c:75:6:HAL_GPIO_EXTI_Falling_Callback	16	static
../Core/Src/main.c:112:5:main	72	static
../Core/Src/main.c:184:6:SystemClock_Config	88	static
../Core/Src/main.c:228:13:MX_I2C1_Init	8	static
../Core/Src/main.c:276:13:MX_USART2_UART_Init	8	static
../Core/Src/main.c:312:13:MX_GPIO_Init	48	static
../Core/Src/main.c:367:6:Print_UART	16	static
../Core/Src/main.c:382:6:Power_Up	24	static
../Core/Src/main.c:393:6:Get_Rev	112	static
../Core/Src/main.c:435:6:Set_Property	32	static
../Core/Src/main.c:442:6:Get_Property	8	static
../Core/Src/main.c:458:6:Tune_Freq	40	static
../Core/Src/main.c:473:6:Tune_Status	104	static
../Core/Src/main.c:504:6:Seek_Start	32	static
../Core/Src/main.c:519:6:GPIO_Ctl	8	static
../Core/Src/main.c:524:6:GPIO_Set	8	static
../Core/Src/main.c:529:9:Read_Status	24	static
../Core/Src/main.c:536:6:Wait_For_CTS	56	static
../Core/Src/main.c:556:6:Error_Handler	8	static,ignoring_inline_asm
